  Determinando los proyectos que se van a restaurar...
  Todos los proyectos est├ín actualizados para la restauraci├│n.
  Gestion.Domain -> D:\ER-DEV\Gestion\Gestion.Domain\bin\Debug\net9.0\Gestion.Domain.dll
  Gestion.Application -> D:\ER-DEV\Gestion\Gestion.Application\bin\Debug\net9.0\Gestion.Application.dll
D:\ER-DEV\Gestion\Gestion.Infrastructure\Data\ApplicationDbContext.cs(40,34): error CS1061: "Usuario" no contiene una definici├│n para "Categorias" ni un m├®todo de extensi├│n accesible "Categorias" que acepte un primer argumento del tipo "Usuario" (┬┐falta alguna directiva using o una referencia de ensamblado?) [D:\ER-DEV\Gestion\Gestion.Infrastructure\Gestion.Infrastructure.csproj]
D:\ER-DEV\Gestion\Gestion.Infrastructure\Data\ApplicationDbContext.cs(51,34): error CS1061: "Usuario" no contiene una definici├│n para "Deudas" ni un m├®todo de extensi├│n accesible "Deudas" que acepte un primer argumento del tipo "Usuario" (┬┐falta alguna directiva using o una referencia de ensamblado?) [D:\ER-DEV\Gestion\Gestion.Infrastructure\Gestion.Infrastructure.csproj]
D:\ER-DEV\Gestion\Gestion.Infrastructure\Data\ApplicationDbContext.cs(62,34): error CS1061: "Usuario" no contiene una definici├│n para "Gastos" ni un m├®todo de extensi├│n accesible "Gastos" que acepte un primer argumento del tipo "Usuario" (┬┐falta alguna directiva using o una referencia de ensamblado?) [D:\ER-DEV\Gestion\Gestion.Infrastructure\Gestion.Infrastructure.csproj]
D:\ER-DEV\Gestion\Gestion.Infrastructure\Data\ApplicationDbContext.cs(78,34): error CS1061: "Usuario" no contiene una definici├│n para "Ingresos" ni un m├®todo de extensi├│n accesible "Ingresos" que acepte un primer argumento del tipo "Usuario" (┬┐falta alguna directiva using o una referencia de ensamblado?) [D:\ER-DEV\Gestion\Gestion.Infrastructure\Gestion.Infrastructure.csproj]
D:\ER-DEV\Gestion\Gestion.Infrastructure\Data\ApplicationDbContext.cs(89,34): error CS1061: "Usuario" no contiene una definici├│n para "Presupuestos" ni un m├®todo de extensi├│n accesible "Presupuestos" que acepte un primer argumento del tipo "Usuario" (┬┐falta alguna directiva using o una referencia de ensamblado?) [D:\ER-DEV\Gestion\Gestion.Infrastructure\Gestion.Infrastructure.csproj]

ERROR al compilar.

D:\ER-DEV\Gestion\Gestion.Infrastructure\Data\ApplicationDbContext.cs(40,34): error CS1061: "Usuario" no contiene una definici├│n para "Categorias" ni un m├®todo de extensi├│n accesible "Categorias" que acepte un primer argumento del tipo "Usuario" (┬┐falta alguna directiva using o una referencia de ensamblado?) [D:\ER-DEV\Gestion\Gestion.Infrastructure\Gestion.Infrastructure.csproj]
D:\ER-DEV\Gestion\Gestion.Infrastructure\Data\ApplicationDbContext.cs(51,34): error CS1061: "Usuario" no contiene una definici├│n para "Deudas" ni un m├®todo de extensi├│n accesible "Deudas" que acepte un primer argumento del tipo "Usuario" (┬┐falta alguna directiva using o una referencia de ensamblado?) [D:\ER-DEV\Gestion\Gestion.Infrastructure\Gestion.Infrastructure.csproj]
D:\ER-DEV\Gestion\Gestion.Infrastructure\Data\ApplicationDbContext.cs(62,34): error CS1061: "Usuario" no contiene una definici├│n para "Gastos" ni un m├®todo de extensi├│n accesible "Gastos" que acepte un primer argumento del tipo "Usuario" (┬┐falta alguna directiva using o una referencia de ensamblado?) [D:\ER-DEV\Gestion\Gestion.Infrastructure\Gestion.Infrastructure.csproj]
D:\ER-DEV\Gestion\Gestion.Infrastructure\Data\ApplicationDbContext.cs(78,34): error CS1061: "Usuario" no contiene una definici├│n para "Ingresos" ni un m├®todo de extensi├│n accesible "Ingresos" que acepte un primer argumento del tipo "Usuario" (┬┐falta alguna directiva using o una referencia de ensamblado?) [D:\ER-DEV\Gestion\Gestion.Infrastructure\Gestion.Infrastructure.csproj]
D:\ER-DEV\Gestion\Gestion.Infrastructure\Data\ApplicationDbContext.cs(89,34): error CS1061: "Usuario" no contiene una definici├│n para "Presupuestos" ni un m├®todo de extensi├│n accesible "Presupuestos" que acepte un primer argumento del tipo "Usuario" (┬┐falta alguna directiva using o una referencia de ensamblado?) [D:\ER-DEV\Gestion\Gestion.Infrastructure\Gestion.Infrastructure.csproj]
    0 Advertencia(s)
    5 Errores

Tiempo transcurrido 00:00:02.27

Hay actualizaciones de carga de trabajo disponibles. Ejecute "dotnet workload list" para obtener m├ís informaci├│n.
